{
  "workflowRunCount" : 7,
  "studies" : [ "CPC-GENE" ],
  "sequencerRuns" : [ "141203_SN804_0218_AC5PCLACXX" ],
  "lanes" : [ "141203_SN804_0218_AC5PCLACXX_lane_2", "141203_SN804_0218_AC5PCLACXX_lane_3", "141203_SN804_0218_AC5PCLACXX_lane_4", "141203_SN804_0218_AC5PCLACXX_lane_5", "141203_SN804_0218_AC5PCLACXX_lane_6", "141203_SN804_0218_AC5PCLACXX_lane_7", "141203_SN804_0218_AC5PCLACXX_lane_8" ],
  "samples" : [ "CPCG_0474_Pr_P_PE_603_WG", "CPCG_0474_Pr_P_PE_626_WG", "CPCG_0474_Pr_P_PE_657_WG", "CPCG_0482_Pr_P_PE_632_WG", "CPCG_0482_Pr_P_PE_665_WG", "CPCG_0482_Pr_P_PE_714_WG", "CPCG_0483_Pr_P_PE_670_WG" ],
  "workflows" : [ "CASAVA" ],
  "processingAlgorithms" : [ "ProvisionFiles" ],
  "fileMetaTypes" : [ "chemical/seq-na-fastq-gzip" ],
  "maxInputFiles" : 2,
  "minInputFiles" : 2,
  "totalInputFiles" : 14,
  "workflowRuns" : [ {
    "workflowIni" : {
      "barcode" : "NoIndex",
      "bundled_jre" : "jre1.7.0_51",
      "bundled_seqware" : "seqware-distribution-1.1.0-full.jar",
      "bwa" : "bwa.kit-0.7.12/bwa",
      "bwa_mark_secondary_alignments" : "true",
      "bwa_mem_mb" : "16384",
      "bwa_ont_mode" : "false",
      "bwa_other_params" : "",
      "bwa_pacbio_mode" : "false",
      "bwa_threads" : "8",
      "cutadapt" : "/oicr/local/analysis/sw/cutadapt/cutadapt-1.3/bin/cutadapt",
      "cutadapt_r1_other_params" : "",
      "cutadapt_r2_other_params" : "",
      "data_dir" : "data",
      "do_trim" : "false",
      "group_id" : "",
      "input_file_1" : "/oicr/data/archive/seqware/seqware_analysis_8/hsqwprod/results/CASAVA_2.6/54299697/SWID_1321444_CPCG_0483_Pr_P_PE_670_WG_NoGroup_141203_SN804_0218_AC5PCLACXX_NoIndex_L008_R1_001.fastq.gz",
      "input_file_2" : "/oicr/data/archive/seqware/seqware_analysis_8/hsqwprod/results/CASAVA_2.6/54299697/SWID_1321444_CPCG_0483_Pr_P_PE_670_WG_NoGroup_141203_SN804_0218_AC5PCLACXX_NoIndex_L008_R2_001.fastq.gz",
      "input_reference" : "${workflow_bundle_dir}/Workflow_Bundle_BwaMem/1.1/data/reference/bwa-0.7.9/hg19_random.fa",
      "ius_accession" : "1321444",
      "lane" : "8",
      "manual_output" : "false",
      "metadata" : "metadata",
      "output_dir" : "seqware-results",
      "output_file_name" : "",
      "output_format" : "BAM",
      "python" : "/oicr/local/sw/Python-2.7.2/bin/python2.7",
      "r1_adapter_trim" : "AGATCGGAAGAGCGGTTCAGCAGGAATGCCGAGACCG",
      "r2_adapter_trim" : "AGATCGGAAGAGCGTCGTGTAGGGAAAGAGTGT",
      "rg_library" : "CPCG_0483_Pr_P_PE_670_WG",
      "rg_platform" : "ILLUMINA",
      "rg_platform_unit" : "141203_SN804_0218_AC5PCLACXX-NoIndex_8",
      "rg_sample_name" : "CPCG_0483_Pr_P",
      "samtools" : "bwa.kit-0.7.12/samtools",
      "samtools_index_mem_mb" : "3072",
      "sequencer_run_name" : "141203_SN804_0218_AC5PCLACXX",
      "tmp_dir" : "tmp",
      "trim_mem_mb" : "16384",
      "trim_min_length" : "10",
      "trim_min_quality" : "20"
    },
    "files" : [ {
      "studyTitle" : [ "CPC-GENE" ],
      "studyAttributes" : {
        "study.geo_lab_group_id" : [ [ "112" ] ]
      },
      "experimentName" : [ "Geo_CPC-GENE_ILLUMINA_WG_{F*101}{..}{R*101}" ],
      "experimentAttributes" : { },
      "sampleName" : [ "CPCG_0483_Pr_P_PE_670_WG" ],
      "sampleAttributes" : {
        "sample.geo_library_source_template_type" : [ [ "WG" ] ],
        "sample.geo_prep_kit" : [ [ "KAPA OnBead " ] ],
        "sample.geo_run_id_and_position_and_slot" : [ [ "2202_8_1", "2203_7_2" ] ],
        "sample.geo_template_id" : [ [ "69333" ] ],
        "sample.geo_template_type" : [ [ "Illumina PE Library Seq" ] ],
        "sample.geo_tissue_origin" : [ [ "Pr" ] ],
        "sample.geo_tissue_type" : [ [ "P" ] ]
      },
      "sequencerRunName" : [ "141203_SN804_0218_AC5PCLACXX" ],
      "sequencerRunAttributes" : {
        "sequencerrun.geo_instrument_run_id" : [ [ "2202" ] ]
      },
      "laneName" : [ "141203_SN804_0218_AC5PCLACXX_lane_8" ],
      "laneAttributes" : {
        "lane.geo_lane" : [ [ "8" ] ]
      },
      "iusTag" : [ "NoIndex" ],
      "iusAttributes" : { },
      "workflowName" : [ "CASAVA" ],
      "processingAlgorithm" : [ "ProvisionFiles" ],
      "processingAttributes" : { },
      "fileMetaType" : [ "chemical/seq-na-fastq-gzip" ],
      "fileAttributes" : { },
      "fileId" : -435344178
    }, {
      "studyTitle" : [ "CPC-GENE" ],
      "studyAttributes" : {
        "study.geo_lab_group_id" : [ [ "112" ] ]
      },
      "experimentName" : [ "Geo_CPC-GENE_ILLUMINA_WG_{F*101}{..}{R*101}" ],
      "experimentAttributes" : { },
      "sampleName" : [ "CPCG_0483_Pr_P_PE_670_WG" ],
      "sampleAttributes" : {
        "sample.geo_library_source_template_type" : [ [ "WG" ] ],
        "sample.geo_prep_kit" : [ [ "KAPA OnBead " ] ],
        "sample.geo_run_id_and_position_and_slot" : [ [ "2202_8_1", "2203_7_2" ] ],
        "sample.geo_template_id" : [ [ "69333" ] ],
        "sample.geo_template_type" : [ [ "Illumina PE Library Seq" ] ],
        "sample.geo_tissue_origin" : [ [ "Pr" ] ],
        "sample.geo_tissue_type" : [ [ "P" ] ]
      },
      "sequencerRunName" : [ "141203_SN804_0218_AC5PCLACXX" ],
      "sequencerRunAttributes" : {
        "sequencerrun.geo_instrument_run_id" : [ [ "2202" ] ]
      },
      "laneName" : [ "141203_SN804_0218_AC5PCLACXX_lane_8" ],
      "laneAttributes" : {
        "lane.geo_lane" : [ [ "8" ] ]
      },
      "iusTag" : [ "NoIndex" ],
      "iusAttributes" : { },
      "workflowName" : [ "CASAVA" ],
      "processingAlgorithm" : [ "ProvisionFiles" ],
      "processingAttributes" : { },
      "fileMetaType" : [ "chemical/seq-na-fastq-gzip" ],
      "fileAttributes" : { },
      "fileId" : 70214447
    } ]
  }, {
    "workflowIni" : {
      "barcode" : "NoIndex",
      "bundled_jre" : "jre1.7.0_51",
      "bundled_seqware" : "seqware-distribution-1.1.0-full.jar",
      "bwa" : "bwa.kit-0.7.12/bwa",
      "bwa_mark_secondary_alignments" : "true",
      "bwa_mem_mb" : "16384",
      "bwa_ont_mode" : "false",
      "bwa_other_params" : "",
      "bwa_pacbio_mode" : "false",
      "bwa_threads" : "8",
      "cutadapt" : "/oicr/local/analysis/sw/cutadapt/cutadapt-1.3/bin/cutadapt",
      "cutadapt_r1_other_params" : "",
      "cutadapt_r2_other_params" : "",
      "data_dir" : "data",
      "do_trim" : "false",
      "group_id" : "",
      "input_file_1" : "/oicr/data/archive/seqware/seqware_analysis_8/hsqwprod/results/CASAVA_2.6/54299697/SWID_1321446_CPCG_0482_Pr_P_PE_632_WG_NoGroup_141203_SN804_0218_AC5PCLACXX_NoIndex_L007_R1_001.fastq.gz",
      "input_file_2" : "/oicr/data/archive/seqware/seqware_analysis_8/hsqwprod/results/CASAVA_2.6/54299697/SWID_1321446_CPCG_0482_Pr_P_PE_632_WG_NoGroup_141203_SN804_0218_AC5PCLACXX_NoIndex_L007_R2_001.fastq.gz",
      "input_reference" : "${workflow_bundle_dir}/Workflow_Bundle_BwaMem/1.1/data/reference/bwa-0.7.9/hg19_random.fa",
      "ius_accession" : "1321446",
      "lane" : "7",
      "manual_output" : "false",
      "metadata" : "metadata",
      "output_dir" : "seqware-results",
      "output_file_name" : "",
      "output_format" : "BAM",
      "python" : "/oicr/local/sw/Python-2.7.2/bin/python2.7",
      "r1_adapter_trim" : "AGATCGGAAGAGCGGTTCAGCAGGAATGCCGAGACCG",
      "r2_adapter_trim" : "AGATCGGAAGAGCGTCGTGTAGGGAAAGAGTGT",
      "rg_library" : "CPCG_0482_Pr_P_PE_632_WG",
      "rg_platform" : "ILLUMINA",
      "rg_platform_unit" : "141203_SN804_0218_AC5PCLACXX-NoIndex_7",
      "rg_sample_name" : "CPCG_0482_Pr_P",
      "samtools" : "bwa.kit-0.7.12/samtools",
      "samtools_index_mem_mb" : "3072",
      "sequencer_run_name" : "141203_SN804_0218_AC5PCLACXX",
      "tmp_dir" : "tmp",
      "trim_mem_mb" : "16384",
      "trim_min_length" : "10",
      "trim_min_quality" : "20"
    },
    "files" : [ {
      "studyTitle" : [ "CPC-GENE" ],
      "studyAttributes" : {
        "study.geo_lab_group_id" : [ [ "112" ] ]
      },
      "experimentName" : [ "Geo_CPC-GENE_ILLUMINA_WG_{F*101}{..}{R*101}" ],
      "experimentAttributes" : { },
      "sampleName" : [ "CPCG_0482_Pr_P_PE_632_WG" ],
      "sampleAttributes" : {
        "sample.geo_library_source_template_type" : [ [ "WG" ] ],
        "sample.geo_prep_kit" : [ [ "KAPA OnBead " ] ],
        "sample.geo_run_id_and_position_and_slot" : [ [ "2202_7_1", "2203_6_2" ] ],
        "sample.geo_template_id" : [ [ "69329" ] ],
        "sample.geo_template_type" : [ [ "Illumina PE Library Seq" ] ],
        "sample.geo_tissue_origin" : [ [ "Pr" ] ],
        "sample.geo_tissue_type" : [ [ "P" ] ]
      },
      "sequencerRunName" : [ "141203_SN804_0218_AC5PCLACXX" ],
      "sequencerRunAttributes" : {
        "sequencerrun.geo_instrument_run_id" : [ [ "2202" ] ]
      },
      "laneName" : [ "141203_SN804_0218_AC5PCLACXX_lane_7" ],
      "laneAttributes" : {
        "lane.geo_lane" : [ [ "7" ] ]
      },
      "iusTag" : [ "NoIndex" ],
      "iusAttributes" : { },
      "workflowName" : [ "CASAVA" ],
      "processingAlgorithm" : [ "ProvisionFiles" ],
      "processingAttributes" : { },
      "fileMetaType" : [ "chemical/seq-na-fastq-gzip" ],
      "fileAttributes" : { },
      "fileId" : 1242625958
    }, {
      "studyTitle" : [ "CPC-GENE" ],
      "studyAttributes" : {
        "study.geo_lab_group_id" : [ [ "112" ] ]
      },
      "experimentName" : [ "Geo_CPC-GENE_ILLUMINA_WG_{F*101}{..}{R*101}" ],
      "experimentAttributes" : { },
      "sampleName" : [ "CPCG_0482_Pr_P_PE_632_WG" ],
      "sampleAttributes" : {
        "sample.geo_library_source_template_type" : [ [ "WG" ] ],
        "sample.geo_prep_kit" : [ [ "KAPA OnBead " ] ],
        "sample.geo_run_id_and_position_and_slot" : [ [ "2202_7_1", "2203_6_2" ] ],
        "sample.geo_template_id" : [ [ "69329" ] ],
        "sample.geo_template_type" : [ [ "Illumina PE Library Seq" ] ],
        "sample.geo_tissue_origin" : [ [ "Pr" ] ],
        "sample.geo_tissue_type" : [ [ "P" ] ]
      },
      "sequencerRunName" : [ "141203_SN804_0218_AC5PCLACXX" ],
      "sequencerRunAttributes" : {
        "sequencerrun.geo_instrument_run_id" : [ [ "2202" ] ]
      },
      "laneName" : [ "141203_SN804_0218_AC5PCLACXX_lane_7" ],
      "laneAttributes" : {
        "lane.geo_lane" : [ [ "7" ] ]
      },
      "iusTag" : [ "NoIndex" ],
      "iusAttributes" : { },
      "workflowName" : [ "CASAVA" ],
      "processingAlgorithm" : [ "ProvisionFiles" ],
      "processingAttributes" : { },
      "fileMetaType" : [ "chemical/seq-na-fastq-gzip" ],
      "fileAttributes" : { },
      "fileId" : 1748184583
    } ]
  }, {
    "workflowIni" : {
      "barcode" : "NoIndex",
      "bundled_jre" : "jre1.7.0_51",
      "bundled_seqware" : "seqware-distribution-1.1.0-full.jar",
      "bwa" : "bwa.kit-0.7.12/bwa",
      "bwa_mark_secondary_alignments" : "true",
      "bwa_mem_mb" : "16384",
      "bwa_ont_mode" : "false",
      "bwa_other_params" : "",
      "bwa_pacbio_mode" : "false",
      "bwa_threads" : "8",
      "cutadapt" : "/oicr/local/analysis/sw/cutadapt/cutadapt-1.3/bin/cutadapt",
      "cutadapt_r1_other_params" : "",
      "cutadapt_r2_other_params" : "",
      "data_dir" : "data",
      "do_trim" : "false",
      "group_id" : "",
      "input_file_1" : "/oicr/data/archive/seqware/seqware_analysis_8/hsqwprod/results/CASAVA_2.6/54299697/SWID_1321448_CPCG_0482_Pr_P_PE_665_WG_NoGroup_141203_SN804_0218_AC5PCLACXX_NoIndex_L006_R1_001.fastq.gz",
      "input_file_2" : "/oicr/data/archive/seqware/seqware_analysis_8/hsqwprod/results/CASAVA_2.6/54299697/SWID_1321448_CPCG_0482_Pr_P_PE_665_WG_NoGroup_141203_SN804_0218_AC5PCLACXX_NoIndex_L006_R2_001.fastq.gz",
      "input_reference" : "${workflow_bundle_dir}/Workflow_Bundle_BwaMem/1.1/data/reference/bwa-0.7.9/hg19_random.fa",
      "ius_accession" : "1321448",
      "lane" : "6",
      "manual_output" : "false",
      "metadata" : "metadata",
      "output_dir" : "seqware-results",
      "output_file_name" : "",
      "output_format" : "BAM",
      "python" : "/oicr/local/sw/Python-2.7.2/bin/python2.7",
      "r1_adapter_trim" : "AGATCGGAAGAGCGGTTCAGCAGGAATGCCGAGACCG",
      "r2_adapter_trim" : "AGATCGGAAGAGCGTCGTGTAGGGAAAGAGTGT",
      "rg_library" : "CPCG_0482_Pr_P_PE_665_WG",
      "rg_platform" : "ILLUMINA",
      "rg_platform_unit" : "141203_SN804_0218_AC5PCLACXX-NoIndex_6",
      "rg_sample_name" : "CPCG_0482_Pr_P",
      "samtools" : "bwa.kit-0.7.12/samtools",
      "samtools_index_mem_mb" : "3072",
      "sequencer_run_name" : "141203_SN804_0218_AC5PCLACXX",
      "tmp_dir" : "tmp",
      "trim_mem_mb" : "16384",
      "trim_min_length" : "10",
      "trim_min_quality" : "20"
    },
    "files" : [ {
      "studyTitle" : [ "CPC-GENE" ],
      "studyAttributes" : {
        "study.geo_lab_group_id" : [ [ "112" ] ]
      },
      "experimentName" : [ "Geo_CPC-GENE_ILLUMINA_WG_{F*101}{..}{R*101}" ],
      "experimentAttributes" : { },
      "sampleName" : [ "CPCG_0482_Pr_P_PE_665_WG" ],
      "sampleAttributes" : {
        "sample.geo_library_source_template_type" : [ [ "WG" ] ],
        "sample.geo_prep_kit" : [ [ "KAPA OnBead " ] ],
        "sample.geo_run_id_and_position_and_slot" : [ [ "2202_6_1", "2203_5_2", "2209_5_2" ] ],
        "sample.geo_template_id" : [ [ "69328" ] ],
        "sample.geo_template_type" : [ [ "Illumina PE Library Seq" ] ],
        "sample.geo_tissue_origin" : [ [ "Pr" ] ],
        "sample.geo_tissue_type" : [ [ "P" ] ]
      },
      "sequencerRunName" : [ "141203_SN804_0218_AC5PCLACXX" ],
      "sequencerRunAttributes" : {
        "sequencerrun.geo_instrument_run_id" : [ [ "2202" ] ]
      },
      "laneName" : [ "141203_SN804_0218_AC5PCLACXX_lane_6" ],
      "laneAttributes" : {
        "lane.geo_lane" : [ [ "6" ] ]
      },
      "iusTag" : [ "NoIndex" ],
      "iusAttributes" : { },
      "workflowName" : [ "CASAVA" ],
      "processingAlgorithm" : [ "ProvisionFiles" ],
      "processingAttributes" : { },
      "fileMetaType" : [ "chemical/seq-na-fastq-gzip" ],
      "fileAttributes" : { },
      "fileId" : 1272476675
    }, {
      "studyTitle" : [ "CPC-GENE" ],
      "studyAttributes" : {
        "study.geo_lab_group_id" : [ [ "112" ] ]
      },
      "experimentName" : [ "Geo_CPC-GENE_ILLUMINA_WG_{F*101}{..}{R*101}" ],
      "experimentAttributes" : { },
      "sampleName" : [ "CPCG_0482_Pr_P_PE_665_WG" ],
      "sampleAttributes" : {
        "sample.geo_library_source_template_type" : [ [ "WG" ] ],
        "sample.geo_prep_kit" : [ [ "KAPA OnBead " ] ],
        "sample.geo_run_id_and_position_and_slot" : [ [ "2202_6_1", "2203_5_2", "2209_5_2" ] ],
        "sample.geo_template_id" : [ [ "69328" ] ],
        "sample.geo_template_type" : [ [ "Illumina PE Library Seq" ] ],
        "sample.geo_tissue_origin" : [ [ "Pr" ] ],
        "sample.geo_tissue_type" : [ [ "P" ] ]
      },
      "sequencerRunName" : [ "141203_SN804_0218_AC5PCLACXX" ],
      "sequencerRunAttributes" : {
        "sequencerrun.geo_instrument_run_id" : [ [ "2202" ] ]
      },
      "laneName" : [ "141203_SN804_0218_AC5PCLACXX_lane_6" ],
      "laneAttributes" : {
        "lane.geo_lane" : [ [ "6" ] ]
      },
      "iusTag" : [ "NoIndex" ],
      "iusAttributes" : { },
      "workflowName" : [ "CASAVA" ],
      "processingAlgorithm" : [ "ProvisionFiles" ],
      "processingAttributes" : { },
      "fileMetaType" : [ "chemical/seq-na-fastq-gzip" ],
      "fileAttributes" : { },
      "fileId" : 1778035300
    } ]
  }, {
    "workflowIni" : {
      "barcode" : "NoIndex",
      "bundled_jre" : "jre1.7.0_51",
      "bundled_seqware" : "seqware-distribution-1.1.0-full.jar",
      "bwa" : "bwa.kit-0.7.12/bwa",
      "bwa_mark_secondary_alignments" : "true",
      "bwa_mem_mb" : "16384",
      "bwa_ont_mode" : "false",
      "bwa_other_params" : "",
      "bwa_pacbio_mode" : "false",
      "bwa_threads" : "8",
      "cutadapt" : "/oicr/local/analysis/sw/cutadapt/cutadapt-1.3/bin/cutadapt",
      "cutadapt_r1_other_params" : "",
      "cutadapt_r2_other_params" : "",
      "data_dir" : "data",
      "do_trim" : "false",
      "group_id" : "",
      "input_file_1" : "/oicr/data/archive/seqware/seqware_analysis_8/hsqwprod/results/CASAVA_2.6/54299697/SWID_1321450_CPCG_0482_Pr_P_PE_714_WG_NoGroup_141203_SN804_0218_AC5PCLACXX_NoIndex_L005_R1_001.fastq.gz",
      "input_file_2" : "/oicr/data/archive/seqware/seqware_analysis_8/hsqwprod/results/CASAVA_2.6/54299697/SWID_1321450_CPCG_0482_Pr_P_PE_714_WG_NoGroup_141203_SN804_0218_AC5PCLACXX_NoIndex_L005_R2_001.fastq.gz",
      "input_reference" : "${workflow_bundle_dir}/Workflow_Bundle_BwaMem/1.1/data/reference/bwa-0.7.9/hg19_random.fa",
      "ius_accession" : "1321450",
      "lane" : "5",
      "manual_output" : "false",
      "metadata" : "metadata",
      "output_dir" : "seqware-results",
      "output_file_name" : "",
      "output_format" : "BAM",
      "python" : "/oicr/local/sw/Python-2.7.2/bin/python2.7",
      "r1_adapter_trim" : "AGATCGGAAGAGCGGTTCAGCAGGAATGCCGAGACCG",
      "r2_adapter_trim" : "AGATCGGAAGAGCGTCGTGTAGGGAAAGAGTGT",
      "rg_library" : "CPCG_0482_Pr_P_PE_714_WG",
      "rg_platform" : "ILLUMINA",
      "rg_platform_unit" : "141203_SN804_0218_AC5PCLACXX-NoIndex_5",
      "rg_sample_name" : "CPCG_0482_Pr_P",
      "samtools" : "bwa.kit-0.7.12/samtools",
      "samtools_index_mem_mb" : "3072",
      "sequencer_run_name" : "141203_SN804_0218_AC5PCLACXX",
      "tmp_dir" : "tmp",
      "trim_mem_mb" : "16384",
      "trim_min_length" : "10",
      "trim_min_quality" : "20"
    },
    "files" : [ {
      "studyTitle" : [ "CPC-GENE" ],
      "studyAttributes" : {
        "study.geo_lab_group_id" : [ [ "112" ] ]
      },
      "experimentName" : [ "Geo_CPC-GENE_ILLUMINA_WG_{F*101}{..}{R*101}" ],
      "experimentAttributes" : { },
      "sampleName" : [ "CPCG_0482_Pr_P_PE_714_WG" ],
      "sampleAttributes" : {
        "sample.geo_library_source_template_type" : [ [ "WG" ] ],
        "sample.geo_prep_kit" : [ [ "KAPA OnBead " ] ],
        "sample.geo_run_id_and_position_and_slot" : [ [ "2202_5_1", "2203_4_2" ] ],
        "sample.geo_template_id" : [ [ "69327" ] ],
        "sample.geo_template_type" : [ [ "Illumina PE Library Seq" ] ],
        "sample.geo_tissue_origin" : [ [ "Pr" ] ],
        "sample.geo_tissue_type" : [ [ "P" ] ]
      },
      "sequencerRunName" : [ "141203_SN804_0218_AC5PCLACXX" ],
      "sequencerRunAttributes" : {
        "sequencerrun.geo_instrument_run_id" : [ [ "2202" ] ]
      },
      "laneName" : [ "141203_SN804_0218_AC5PCLACXX_lane_5" ],
      "laneAttributes" : {
        "lane.geo_lane" : [ [ "5" ] ]
      },
      "iusTag" : [ "NoIndex" ],
      "iusAttributes" : { },
      "workflowName" : [ "CASAVA" ],
      "processingAlgorithm" : [ "ProvisionFiles" ],
      "processingAttributes" : { },
      "fileMetaType" : [ "chemical/seq-na-fastq-gzip" ],
      "fileAttributes" : { },
      "fileId" : -1053471866
    }, {
      "studyTitle" : [ "CPC-GENE" ],
      "studyAttributes" : {
        "study.geo_lab_group_id" : [ [ "112" ] ]
      },
      "experimentName" : [ "Geo_CPC-GENE_ILLUMINA_WG_{F*101}{..}{R*101}" ],
      "experimentAttributes" : { },
      "sampleName" : [ "CPCG_0482_Pr_P_PE_714_WG" ],
      "sampleAttributes" : {
        "sample.geo_library_source_template_type" : [ [ "WG" ] ],
        "sample.geo_prep_kit" : [ [ "KAPA OnBead " ] ],
        "sample.geo_run_id_and_position_and_slot" : [ [ "2202_5_1", "2203_4_2" ] ],
        "sample.geo_template_id" : [ [ "69327" ] ],
        "sample.geo_template_type" : [ [ "Illumina PE Library Seq" ] ],
        "sample.geo_tissue_origin" : [ [ "Pr" ] ],
        "sample.geo_tissue_type" : [ [ "P" ] ]
      },
      "sequencerRunName" : [ "141203_SN804_0218_AC5PCLACXX" ],
      "sequencerRunAttributes" : {
        "sequencerrun.geo_instrument_run_id" : [ [ "2202" ] ]
      },
      "laneName" : [ "141203_SN804_0218_AC5PCLACXX_lane_5" ],
      "laneAttributes" : {
        "lane.geo_lane" : [ [ "5" ] ]
      },
      "iusTag" : [ "NoIndex" ],
      "iusAttributes" : { },
      "workflowName" : [ "CASAVA" ],
      "processingAlgorithm" : [ "ProvisionFiles" ],
      "processingAttributes" : { },
      "fileMetaType" : [ "chemical/seq-na-fastq-gzip" ],
      "fileAttributes" : { },
      "fileId" : -547913241
    } ]
  }, {
    "workflowIni" : {
      "barcode" : "NoIndex",
      "bundled_jre" : "jre1.7.0_51",
      "bundled_seqware" : "seqware-distribution-1.1.0-full.jar",
      "bwa" : "bwa.kit-0.7.12/bwa",
      "bwa_mark_secondary_alignments" : "true",
      "bwa_mem_mb" : "16384",
      "bwa_ont_mode" : "false",
      "bwa_other_params" : "",
      "bwa_pacbio_mode" : "false",
      "bwa_threads" : "8",
      "cutadapt" : "/oicr/local/analysis/sw/cutadapt/cutadapt-1.3/bin/cutadapt",
      "cutadapt_r1_other_params" : "",
      "cutadapt_r2_other_params" : "",
      "data_dir" : "data",
      "do_trim" : "false",
      "group_id" : "",
      "input_file_1" : "/oicr/data/archive/seqware/seqware_analysis_8/hsqwprod/results/CASAVA_2.6/54299697/SWID_1321452_CPCG_0474_Pr_P_PE_657_WG_NoGroup_141203_SN804_0218_AC5PCLACXX_NoIndex_L004_R1_001.fastq.gz",
      "input_file_2" : "/oicr/data/archive/seqware/seqware_analysis_8/hsqwprod/results/CASAVA_2.6/54299697/SWID_1321452_CPCG_0474_Pr_P_PE_657_WG_NoGroup_141203_SN804_0218_AC5PCLACXX_NoIndex_L004_R2_001.fastq.gz",
      "input_reference" : "${workflow_bundle_dir}/Workflow_Bundle_BwaMem/1.1/data/reference/bwa-0.7.9/hg19_random.fa",
      "ius_accession" : "1321452",
      "lane" : "4",
      "manual_output" : "false",
      "metadata" : "metadata",
      "output_dir" : "seqware-results",
      "output_file_name" : "",
      "output_format" : "BAM",
      "python" : "/oicr/local/sw/Python-2.7.2/bin/python2.7",
      "r1_adapter_trim" : "AGATCGGAAGAGCGGTTCAGCAGGAATGCCGAGACCG",
      "r2_adapter_trim" : "AGATCGGAAGAGCGTCGTGTAGGGAAAGAGTGT",
      "rg_library" : "CPCG_0474_Pr_P_PE_657_WG",
      "rg_platform" : "ILLUMINA",
      "rg_platform_unit" : "141203_SN804_0218_AC5PCLACXX-NoIndex_4",
      "rg_sample_name" : "CPCG_0474_Pr_P",
      "samtools" : "bwa.kit-0.7.12/samtools",
      "samtools_index_mem_mb" : "3072",
      "sequencer_run_name" : "141203_SN804_0218_AC5PCLACXX",
      "tmp_dir" : "tmp",
      "trim_mem_mb" : "16384",
      "trim_min_length" : "10",
      "trim_min_quality" : "20"
    },
    "files" : [ {
      "studyTitle" : [ "CPC-GENE" ],
      "studyAttributes" : {
        "study.geo_lab_group_id" : [ [ "112" ] ]
      },
      "experimentName" : [ "Geo_CPC-GENE_ILLUMINA_WG_{F*101}{..}{R*101}" ],
      "experimentAttributes" : { },
      "sampleName" : [ "CPCG_0474_Pr_P_PE_657_WG" ],
      "sampleAttributes" : {
        "sample.geo_library_source_template_type" : [ [ "WG" ] ],
        "sample.geo_prep_kit" : [ [ "KAPA OnBead " ] ],
        "sample.geo_run_id_and_position_and_slot" : [ [ "2202_4_1", "2203_3_2" ] ],
        "sample.geo_template_id" : [ [ "69323" ] ],
        "sample.geo_template_type" : [ [ "Illumina PE Library Seq" ] ],
        "sample.geo_tissue_origin" : [ [ "Pr" ] ],
        "sample.geo_tissue_type" : [ [ "P" ] ]
      },
      "sequencerRunName" : [ "141203_SN804_0218_AC5PCLACXX" ],
      "sequencerRunAttributes" : {
        "sequencerrun.geo_instrument_run_id" : [ [ "2202" ] ]
      },
      "laneName" : [ "141203_SN804_0218_AC5PCLACXX_lane_4" ],
      "laneAttributes" : {
        "lane.geo_lane" : [ [ "4" ] ]
      },
      "iusTag" : [ "NoIndex" ],
      "iusAttributes" : { },
      "workflowName" : [ "CASAVA" ],
      "processingAlgorithm" : [ "ProvisionFiles" ],
      "processingAttributes" : { },
      "fileMetaType" : [ "chemical/seq-na-fastq-gzip" ],
      "fileAttributes" : { },
      "fileId" : -135858397
    }, {
      "studyTitle" : [ "CPC-GENE" ],
      "studyAttributes" : {
        "study.geo_lab_group_id" : [ [ "112" ] ]
      },
      "experimentName" : [ "Geo_CPC-GENE_ILLUMINA_WG_{F*101}{..}{R*101}" ],
      "experimentAttributes" : { },
      "sampleName" : [ "CPCG_0474_Pr_P_PE_657_WG" ],
      "sampleAttributes" : {
        "sample.geo_library_source_template_type" : [ [ "WG" ] ],
        "sample.geo_prep_kit" : [ [ "KAPA OnBead " ] ],
        "sample.geo_run_id_and_position_and_slot" : [ [ "2202_4_1", "2203_3_2" ] ],
        "sample.geo_template_id" : [ [ "69323" ] ],
        "sample.geo_template_type" : [ [ "Illumina PE Library Seq" ] ],
        "sample.geo_tissue_origin" : [ [ "Pr" ] ],
        "sample.geo_tissue_type" : [ [ "P" ] ]
      },
      "sequencerRunName" : [ "141203_SN804_0218_AC5PCLACXX" ],
      "sequencerRunAttributes" : {
        "sequencerrun.geo_instrument_run_id" : [ [ "2202" ] ]
      },
      "laneName" : [ "141203_SN804_0218_AC5PCLACXX_lane_4" ],
      "laneAttributes" : {
        "lane.geo_lane" : [ [ "4" ] ]
      },
      "iusTag" : [ "NoIndex" ],
      "iusAttributes" : { },
      "workflowName" : [ "CASAVA" ],
      "processingAlgorithm" : [ "ProvisionFiles" ],
      "processingAttributes" : { },
      "fileMetaType" : [ "chemical/seq-na-fastq-gzip" ],
      "fileAttributes" : { },
      "fileId" : -641417022
    } ]
  }, {
    "workflowIni" : {
      "barcode" : "NoIndex",
      "bundled_jre" : "jre1.7.0_51",
      "bundled_seqware" : "seqware-distribution-1.1.0-full.jar",
      "bwa" : "bwa.kit-0.7.12/bwa",
      "bwa_mark_secondary_alignments" : "true",
      "bwa_mem_mb" : "16384",
      "bwa_ont_mode" : "false",
      "bwa_other_params" : "",
      "bwa_pacbio_mode" : "false",
      "bwa_threads" : "8",
      "cutadapt" : "/oicr/local/analysis/sw/cutadapt/cutadapt-1.3/bin/cutadapt",
      "cutadapt_r1_other_params" : "",
      "cutadapt_r2_other_params" : "",
      "data_dir" : "data",
      "do_trim" : "false",
      "group_id" : "",
      "input_file_1" : "/oicr/data/archive/seqware/seqware_analysis_8/hsqwprod/results/CASAVA_2.6/54299697/SWID_1321454_CPCG_0474_Pr_P_PE_603_WG_NoGroup_141203_SN804_0218_AC5PCLACXX_NoIndex_L003_R1_001.fastq.gz",
      "input_file_2" : "/oicr/data/archive/seqware/seqware_analysis_8/hsqwprod/results/CASAVA_2.6/54299697/SWID_1321454_CPCG_0474_Pr_P_PE_603_WG_NoGroup_141203_SN804_0218_AC5PCLACXX_NoIndex_L003_R2_001.fastq.gz",
      "input_reference" : "${workflow_bundle_dir}/Workflow_Bundle_BwaMem/1.1/data/reference/bwa-0.7.9/hg19_random.fa",
      "ius_accession" : "1321454",
      "lane" : "3",
      "manual_output" : "false",
      "metadata" : "metadata",
      "output_dir" : "seqware-results",
      "output_file_name" : "",
      "output_format" : "BAM",
      "python" : "/oicr/local/sw/Python-2.7.2/bin/python2.7",
      "r1_adapter_trim" : "AGATCGGAAGAGCGGTTCAGCAGGAATGCCGAGACCG",
      "r2_adapter_trim" : "AGATCGGAAGAGCGTCGTGTAGGGAAAGAGTGT",
      "rg_library" : "CPCG_0474_Pr_P_PE_603_WG",
      "rg_platform" : "ILLUMINA",
      "rg_platform_unit" : "141203_SN804_0218_AC5PCLACXX-NoIndex_3",
      "rg_sample_name" : "CPCG_0474_Pr_P",
      "samtools" : "bwa.kit-0.7.12/samtools",
      "samtools_index_mem_mb" : "3072",
      "sequencer_run_name" : "141203_SN804_0218_AC5PCLACXX",
      "tmp_dir" : "tmp",
      "trim_mem_mb" : "16384",
      "trim_min_length" : "10",
      "trim_min_quality" : "20"
    },
    "files" : [ {
      "studyTitle" : [ "CPC-GENE" ],
      "studyAttributes" : {
        "study.geo_lab_group_id" : [ [ "112" ] ]
      },
      "experimentName" : [ "Geo_CPC-GENE_ILLUMINA_WG_{F*101}{..}{R*101}" ],
      "experimentAttributes" : { },
      "sampleName" : [ "CPCG_0474_Pr_P_PE_603_WG" ],
      "sampleAttributes" : {
        "sample.geo_library_source_template_type" : [ [ "WG" ] ],
        "sample.geo_prep_kit" : [ [ "KAPA OnBead " ] ],
        "sample.geo_run_id_and_position_and_slot" : [ [ "2202_3_1", "2203_2_2" ] ],
        "sample.geo_template_id" : [ [ "69322" ] ],
        "sample.geo_template_type" : [ [ "Illumina PE Library Seq" ] ],
        "sample.geo_tissue_origin" : [ [ "Pr" ] ],
        "sample.geo_tissue_type" : [ [ "P" ] ]
      },
      "sequencerRunName" : [ "141203_SN804_0218_AC5PCLACXX" ],
      "sequencerRunAttributes" : {
        "sequencerrun.geo_instrument_run_id" : [ [ "2202" ] ]
      },
      "laneName" : [ "141203_SN804_0218_AC5PCLACXX_lane_3" ],
      "laneAttributes" : {
        "lane.geo_lane" : [ [ "3" ] ]
      },
      "iusTag" : [ "NoIndex" ],
      "iusAttributes" : { },
      "workflowName" : [ "CASAVA" ],
      "processingAlgorithm" : [ "ProvisionFiles" ],
      "processingAttributes" : { },
      "fileMetaType" : [ "chemical/seq-na-fastq-gzip" ],
      "fileAttributes" : { },
      "fileId" : 1378759967
    }, {
      "studyTitle" : [ "CPC-GENE" ],
      "studyAttributes" : {
        "study.geo_lab_group_id" : [ [ "112" ] ]
      },
      "experimentName" : [ "Geo_CPC-GENE_ILLUMINA_WG_{F*101}{..}{R*101}" ],
      "experimentAttributes" : { },
      "sampleName" : [ "CPCG_0474_Pr_P_PE_603_WG" ],
      "sampleAttributes" : {
        "sample.geo_library_source_template_type" : [ [ "WG" ] ],
        "sample.geo_prep_kit" : [ [ "KAPA OnBead " ] ],
        "sample.geo_run_id_and_position_and_slot" : [ [ "2202_3_1", "2203_2_2" ] ],
        "sample.geo_template_id" : [ [ "69322" ] ],
        "sample.geo_template_type" : [ [ "Illumina PE Library Seq" ] ],
        "sample.geo_tissue_origin" : [ [ "Pr" ] ],
        "sample.geo_tissue_type" : [ [ "P" ] ]
      },
      "sequencerRunName" : [ "141203_SN804_0218_AC5PCLACXX" ],
      "sequencerRunAttributes" : {
        "sequencerrun.geo_instrument_run_id" : [ [ "2202" ] ]
      },
      "laneName" : [ "141203_SN804_0218_AC5PCLACXX_lane_3" ],
      "laneAttributes" : {
        "lane.geo_lane" : [ [ "3" ] ]
      },
      "iusTag" : [ "NoIndex" ],
      "iusAttributes" : { },
      "workflowName" : [ "CASAVA" ],
      "processingAlgorithm" : [ "ProvisionFiles" ],
      "processingAttributes" : { },
      "fileMetaType" : [ "chemical/seq-na-fastq-gzip" ],
      "fileAttributes" : { },
      "fileId" : 873201342
    } ]
  }, {
    "workflowIni" : {
      "barcode" : "NoIndex",
      "bundled_jre" : "jre1.7.0_51",
      "bundled_seqware" : "seqware-distribution-1.1.0-full.jar",
      "bwa" : "bwa.kit-0.7.12/bwa",
      "bwa_mark_secondary_alignments" : "true",
      "bwa_mem_mb" : "16384",
      "bwa_ont_mode" : "false",
      "bwa_other_params" : "",
      "bwa_pacbio_mode" : "false",
      "bwa_threads" : "8",
      "cutadapt" : "/oicr/local/analysis/sw/cutadapt/cutadapt-1.3/bin/cutadapt",
      "cutadapt_r1_other_params" : "",
      "cutadapt_r2_other_params" : "",
      "data_dir" : "data",
      "do_trim" : "false",
      "group_id" : "",
      "input_file_1" : "/oicr/data/archive/seqware/seqware_analysis_8/hsqwprod/results/CASAVA_2.6/54299697/SWID_1321456_CPCG_0474_Pr_P_PE_626_WG_NoGroup_141203_SN804_0218_AC5PCLACXX_NoIndex_L002_R1_001.fastq.gz",
      "input_file_2" : "/oicr/data/archive/seqware/seqware_analysis_8/hsqwprod/results/CASAVA_2.6/54299697/SWID_1321456_CPCG_0474_Pr_P_PE_626_WG_NoGroup_141203_SN804_0218_AC5PCLACXX_NoIndex_L002_R2_001.fastq.gz",
      "input_reference" : "${workflow_bundle_dir}/Workflow_Bundle_BwaMem/1.1/data/reference/bwa-0.7.9/hg19_random.fa",
      "ius_accession" : "1321456",
      "lane" : "2",
      "manual_output" : "false",
      "metadata" : "metadata",
      "output_dir" : "seqware-results",
      "output_file_name" : "",
      "output_format" : "BAM",
      "python" : "/oicr/local/sw/Python-2.7.2/bin/python2.7",
      "r1_adapter_trim" : "AGATCGGAAGAGCGGTTCAGCAGGAATGCCGAGACCG",
      "r2_adapter_trim" : "AGATCGGAAGAGCGTCGTGTAGGGAAAGAGTGT",
      "rg_library" : "CPCG_0474_Pr_P_PE_626_WG",
      "rg_platform" : "ILLUMINA",
      "rg_platform_unit" : "141203_SN804_0218_AC5PCLACXX-NoIndex_2",
      "rg_sample_name" : "CPCG_0474_Pr_P",
      "samtools" : "bwa.kit-0.7.12/samtools",
      "samtools_index_mem_mb" : "3072",
      "sequencer_run_name" : "141203_SN804_0218_AC5PCLACXX",
      "tmp_dir" : "tmp",
      "trim_mem_mb" : "16384",
      "trim_min_length" : "10",
      "trim_min_quality" : "20"
    },
    "files" : [ {
      "studyTitle" : [ "CPC-GENE" ],
      "studyAttributes" : {
        "study.geo_lab_group_id" : [ [ "112" ] ]
      },
      "experimentName" : [ "Geo_CPC-GENE_ILLUMINA_WG_{F*101}{..}{R*101}" ],
      "experimentAttributes" : { },
      "sampleName" : [ "CPCG_0474_Pr_P_PE_626_WG" ],
      "sampleAttributes" : {
        "sample.geo_library_source_template_type" : [ [ "WG" ] ],
        "sample.geo_prep_kit" : [ [ "KAPA OnBead " ] ],
        "sample.geo_run_id_and_position_and_slot" : [ [ "2202_2_1", "2203_1_2" ] ],
        "sample.geo_template_id" : [ [ "69321" ] ],
        "sample.geo_template_type" : [ [ "Illumina PE Library Seq" ] ],
        "sample.geo_tissue_origin" : [ [ "Pr" ] ],
        "sample.geo_tissue_type" : [ [ "P" ] ]
      },
      "sequencerRunName" : [ "141203_SN804_0218_AC5PCLACXX" ],
      "sequencerRunAttributes" : {
        "sequencerrun.geo_instrument_run_id" : [ [ "2202" ] ]
      },
      "laneName" : [ "141203_SN804_0218_AC5PCLACXX_lane_2" ],
      "laneAttributes" : {
        "lane.geo_lane" : [ [ "2" ] ]
      },
      "iusTag" : [ "NoIndex" ],
      "iusAttributes" : { },
      "workflowName" : [ "CASAVA" ],
      "processingAlgorithm" : [ "ProvisionFiles" ],
      "processingAttributes" : { },
      "fileMetaType" : [ "chemical/seq-na-fastq-gzip" ],
      "fileAttributes" : { },
      "fileId" : 1386727386
    }, {
      "studyTitle" : [ "CPC-GENE" ],
      "studyAttributes" : {
        "study.geo_lab_group_id" : [ [ "112" ] ]
      },
      "experimentName" : [ "Geo_CPC-GENE_ILLUMINA_WG_{F*101}{..}{R*101}" ],
      "experimentAttributes" : { },
      "sampleName" : [ "CPCG_0474_Pr_P_PE_626_WG" ],
      "sampleAttributes" : {
        "sample.geo_library_source_template_type" : [ [ "WG" ] ],
        "sample.geo_prep_kit" : [ [ "KAPA OnBead " ] ],
        "sample.geo_run_id_and_position_and_slot" : [ [ "2202_2_1", "2203_1_2" ] ],
        "sample.geo_template_id" : [ [ "69321" ] ],
        "sample.geo_template_type" : [ [ "Illumina PE Library Seq" ] ],
        "sample.geo_tissue_origin" : [ [ "Pr" ] ],
        "sample.geo_tissue_type" : [ [ "P" ] ]
      },
      "sequencerRunName" : [ "141203_SN804_0218_AC5PCLACXX" ],
      "sequencerRunAttributes" : {
        "sequencerrun.geo_instrument_run_id" : [ [ "2202" ] ]
      },
      "laneName" : [ "141203_SN804_0218_AC5PCLACXX_lane_2" ],
      "laneAttributes" : {
        "lane.geo_lane" : [ [ "2" ] ]
      },
      "iusTag" : [ "NoIndex" ],
      "iusAttributes" : { },
      "workflowName" : [ "CASAVA" ],
      "processingAlgorithm" : [ "ProvisionFiles" ],
      "processingAttributes" : { },
      "fileMetaType" : [ "chemical/seq-na-fastq-gzip" ],
      "fileAttributes" : { },
      "fileId" : 1892286011
    } ]
  } ]
}